// Jest Snapshot v1, https://goo.gl/fbAQLP

exports[`Content component matches snapshot 1`] = `
<DocumentFragment>
  <div
    class="content"
  >
    This is the content section
  </div>
</DocumentFragment>
`;
