// Jest Snapshot v1, https://goo.gl/fbAQLP

exports[`Footer component matches snapshot 1`] = `
<DocumentFragment>
  <div
    class="footer"
  >
    This is the footer
  </div>
</DocumentFragment>
`;
